<yacg>
<generated_map>
<starting_positions>
<starting_position name="Germany" x="154" y="47"/>
<starting_position name="Poland" x="158" y="47"/>
<starting_position name="Russia" x="170" y="42"/>
<starting_position name="Rome" x="152" y="56"/>
<starting_position name="England" x="141" y="46"/>
<starting_position name="Babylon" x="179" y="63"/>
<starting_position name="Congo" x="152" y="97"/>
<starting_position name="Songhay" x="142" y="83"/>
<starting_position name="Khmer" x="226" y="83"/>
<starting_position name="Mongolia" x="228" y="44"/>
<starting_position name="China" x="237" y="58"/>
<starting_position name="Majapahit" x="236" y="104"/>
<starting_position name="Maya" x="66" y="79"/>
<starting_position name="Inca" x="81" y="111"/>
<starting_position name="America" x="79" y="56"/>
<starting_position name="Egypt" x="169" y="98"/>
<starting_position name="Brittany" x="140" y="50"/>
<starting_position name="Persia" x="185" y="70"/>
<starting_position name="France" x="144" y="48"/>
<starting_position name="Japan" x="258" y="63"/>
<starting_position name="Sikh" x="205" y="62"/>
<starting_position name="Iroquois" x="76" y="52"/>
<starting_position name="Tuʻi Tonga" x="268" y="102"/>
<starting_position name="Maurya" x="212" y="73"/>
<starting_position name="Ethiopia" x="172" y="90"/>
<starting_position name="Macedonia" x="160" y="58"/>
</starting_positions>
<replacements>
<replacement char="s" name="Sea"/>
<replacement char="f" name="Forest"/>
<replacement char="l" name="Land"/>
<replacement char="i" name="Ice"/>
<replacement char="m" name="Mountain"/>
<replacement char="d" name="Desert"/>
</replacements>
<map>
ssssssssssssssssssssssssssssssssssssssssssssssssssssssssssssssssssssssssssssssssssssssssssssssssssssssssssssiiiiiiiiiiisssssssssssssssssssssssssssssssssssssssssssssssssssssssssssssssssssssssssssssssssssssssssssssssssssssssssssssssssssssssssssssssssssssssssssssssssssssssssssssssssssssssssssssssssssss
ssssssssssssssssssssssssssssssssssssssssssssssssssssssssssssssssssssssssssssiiiiiiiiissssssssssssssssssiiiiiiiiiiiiiiiiissssssssssssssssssssssssssssssssssssssssssssssssssssssssssssssssssssssssssssssssssssssssssssssssssssssssssssssssssssssssssssssssssssssssssssssssssssssssssssssssssssssssssssssssssss
sssssssssssssssssssssssssssssssssssssssssssssssssssssssssssssssssssssssiiiiiiiiiiiiiiiiissssssssssssssiiiiiiiiiiiiissssiiiisssssssssssssssssssssssssssssssssssssssssssssssssssssssssssssssssssssssssssssssssssssssssssssssssssssssssssssssssssssssssssssssssssssssssssssssssssssssssssssssssssssssssssssssss
ssssssssssssssssssssssssssssssssssssssssssssssssssssssssssssssssssiiiiiiiiiiiiiiiiiiiiiiiiiiiiiiisiiiisiiiiiiiiiiiiiiiiiiiisssssssssssssssssssssssssssssssssssssssssssssssssssssssssssssssssssssssssssssssssssssssssssssssssssssssssssssssssssssssssssssssssssssssssssssssssssssssssssssssssssssssssssssssss
ssssssssssssssssssssssssssssssssssssssssssssssssssssssssssssssissiiiiiiiiiiiiiiiiiiiiiissiiiiiiiiiiiiiiiiiiiiiiiiiiiiiiiiiiiiiisiiissssssssssssssssssssssssssssssssssssssssssssssssssssssssiiiisiiissssssssssssssssssssssssiiissssssssssssssssssssssssssssssssssssssssssssssssssssssssssssssssssssssssssssss
sssssssssssssssssssssssssssssssssssssssssssssssssssssssssssssiiiiiiiiiiiiiiiiiiiiiiiiiiiiiiiiiiiiiiiiiiiiiiiiiiiiiiiiiiiiiissssiisssssssssssssssssssssssssssssssiissssssssssssssssssssssssiilliillilsssssssssssssssssssslsiilissssssssssssssssssssssssssssssssssssssssssssssssssssssssssssssssssssssssssssss
ssssssssssssssssssssssssssssssssssssssssssssssssssssssssssssiiiiiiiiiiiiiiiiiiiiiiisiiiiiiiiiiiiiiiiiiiiiiiiiiiiiiiiiiiiiiiiiiiissssssssssssssssssssssssssssiisiiiisssssssssssssssslllllslllllllssssssssssssssssssssssssssisliiissssssssssssssssssssssssssssssssssssssssssssssssssssssssssssssssssssssssssss
ssssssssssssssssssssssssssssssssssssssssssssssssssssssssslssiiiiiiiiiisiiiiiiiiiiisssiiiiiiiiiiiiiiiiiiiiiiiiiiiiiiiiiiiiiiiiisssssssssssssssssssssssssssslliiiissiisssssssssssssssssslsssssllsssssssssssssssssssssssssssillllliisssssssssssssssssssssssssssssssssssssssssssssssssssssssssssssssssssssssssss
ssssssssssssssssssssssssssssssssssssssssssssssssssssiiisssssiiiiiiiiiissiiiiiiissssssiiiiiiiiiiiiiiiiiiiiiiiiiiiiiiiiiiiiiiiissssssssssssssssssssssssslliiiiilllllssssssssssssssssssssssssssssssssssssssssssssssssssssssssslssssisllssssssssssssssssssssssssssssssssssssssssssssssssssssssssssssssssssssssss
ssssssssssssssssssssssssssssssssssssssssssssssiiissssiiiisiissiiiiiiiiiiiiiiiissiiiiiiiiiiiiiiiiiiiiiiiiiiiiiiiiiiiiiiiiiiiisssssssssssssssssssssssssslsillssllsssssssssssssssssssssssssssssssssssssssssssssssssssssssssssssssslllsslsssssssssssssssssssssssssssssssssssssssssssssssssssssssssssssssssssssss
ssssssssssssssssssssssssssssssssssssssssssssssiiissssiiiiisiiisiiiiiiiiiiiiiiissiiiiiiiiiiiiiiiiiiiiiiiiiiiiiiiiiiiiiiiiiiissssssssssssssssssssssssssssiillllslllssssssssssssssssssssssssssssssssssssssssssssssssssssssssssssssslllllsssssssssssssssssssssssssssssssssssssssssssssssssssssssssssssssssssssss
ssssssssssssssssssssssssssssssssssssssssssllssiiissslssissssiiisissiiiiiiiiisssssiiiiiiiiiiiiiiiiiiiiiiiiiiiiiiiiiiiiiiimmiiisssssssssssssssssssssssssssilllsslllssssssssssssssssssssssssssssssssssssssssssssssssssssssssssssssssslllsssssssssssssssssssssssssssssssssssssssssssssssssssssssssssssssssssssss
ssssssssssssssssssssssssssssssssssssssssllilssssssssiissssssiissiiiisssiiiissssssiiiiiiiiiiiiiiiiiiiiiiiiiiiiiiiiiiiiiiimiiiiissssssssssssssssssssssssssillsssslssssssssssssssssssssssssssssssssssssiissssssssssssssssssssssssssslllllssssssssssssssssssssssssssssssssssssssssssssssssssssssssssssssssssssss
sssssssssssssssssssssssssssssssssssssslllliillssllsssiiiiilsiiiiiiiiiiiiiiisssssssiiiiiiiiiiiiiiiiiiiiiiiiiiiiiiiiiiiiiimiiissssssssssssssssssssssssssssssssssssssssssssssssssssssssssssssssssssiiiiilssssssssssssssssssssssssslllllllillllsssssssssssssssssssssssssssssssssssssssssssssssssssssssssssssssss
ssssssssssssssssssssssssssssssssssssssllllliiiiiiiilssllllsssssiiiissssssssssssssssiiiissiiiiiiiiiiiiiiiiiiiiiiiiiiiiiimmmiiissssssssssssssssssssssssssssssssssssssssssssssssssssssssssssssssliiillllssssssssssssssssssssslllllllllliiilliilsssssssssssssssssssiiiliiissssssssssssssssssssssssssssssssssssss
sssssssssssssssssssssssssssssssssssssssssslllllllliiilsslllsllsississssssisssssssssssssssssiiiiiimiiiiiiiiiiiiiiiiiiiiimimiiisssssssssssssssssssssssssssssssssssssssssssssssssssssssssssssssiiillsssssssssssssssssssssllllliiillllliilllililssssssssssssssssssslliiillsliiisssssssssssssssssssssssssssssssss
ssssssssssssssssssssssssssssssssssssslllssssslllssssssssssssslssssslsllssssssssssssssssssssssiimmimiiiiiiiiiiiiiiiiiiiimmmiiissssssssssssssssssssssssssssssssssssssssssssssssssssssssssssssilllsssssssssssssssssssssssllllilfllllllllllliiiisssssssssssssssssssssllssssissssssssssssssssssssssssssssssssssss
ssssssssssssssssssssssssssssssssssssliiiilllsssssssssssslslsliiiisssssssssssssssssssssssssssssmmmmmiiiiiiiiiiiiiiiiiiimmmmiissssssssssssssssssssssssssssssssssssssssssssssssssssssssssssssiilsssssssssssssssssssssssllliiiifffffiillllfflilissssssssssssssssssssssilssssssssssssssssssssssssssssssssssssssss
sssssssssssssssssssssssssssssssssssslllliiiiilssssiiissslllslillssliiiiiiiiilsssssssssssssssssiimimmiiiiiiiiiiiiiiiiiimmmmissssssssssssssssssssssssssssssssssssssssssssssssssssssssssssssiilssssssssssssssssssssllllllliillfflllfiiifffffllllllllllllflllsssssssssiilsssssssssssssssssssssssssssssssssssssss
sssssssssssssssssssssssssssssssssssllllllllliillllllisllllllllllsllllliiiilliisssssssssssssssssiimimiiiiiiiiiiiiiiiimmmmiissssssssssssssssssssssssssssssssssssssssssssssssssssssssssssssiillssssssssssllllslsssslllillliiilffllfflllllllffllllllliiiiifflsssssssssliiilsssssssssssssssssssssssssssssssssssss
ssssssssssssssssssssssssssssssssssslllllllllliiliilllsssslllllssslllllllliiiiilsssssssssssssssiiimmmiiiiiiiiiiiiiimmiimmiisssssssssssssssssssssssssssssssssssssssssssssssssssssssssssssiilllssssssssssllillllllllllilliliiiifiifllliiiiilffffffffffillilliiiiissslllliilllssssssssssssssssssssssssiissssssss
ssssssssiiillssssssssssssssssssssssssllsslllllllillllssssssslslssllllllllllliiiillsssssssssssssssimiiiiiiiiiiiiimmmmmmimiiissssssssssssssssssssssssssssssssssssssiiiiissssssssssssssssssslllsssssssslllliiiiiiiffflilllliiffiiiiiiiifiiiiffflffilffiifilllliiiiiillllliiiiiiiiiilsssssssssssssssssliisssssss
ssssssllilliiiilssssssssssssssssssssssssssllfffilllllllsssssssslssllllllllllliliiiilsssssssssssimmmiiiiiiiiiiiimiimmmmmmiiisssssssssssssssssssssssssssssssssssssllillilssssssssssssssssssslllssssssslllffffffflfffliffffifffffffliillllffiffffliilliiiffffliiliilflllllllllililiillsssssssssssssssssssssssss
sssslllllmmliliiiiiiillisssssslllllliillsslfilliiiifflllsslllliiisssllllllllllllllilsssssssssssimmmiiiiiiiiiiimiimmmmmmiiisssssssssssssssssssssssssssssssssssilllllllliissssssssssssssssssssssllllssllliiflllllfiiiflffliffflffffffffffffifffffliiiilillllfflllfffffffffllllliliiiiiiiilllliiiiilsssssssssss
sssllllllllmmmmmmmllimiillsliiiiilllfiiiillfilllffifiillslllslllilssslslssllllllllliisssssssssssisiiiiiiiiiiimimmmmmmmiisssssssssssssssssssssssssssssssssssliilllllllllllllssssssssssllsssssssllilllsliillllllllifffffffffffffffllfffffffffffffffiiiiiiilllllfflllllffffffffffffllllliiiiiiiiiiiiilsssssssss
slllliiiiillliilllmmmmliiiiiiffiiffflflffffffllfffiiilssssllsllliiiilsslssssllllllllisssssssssssssiiiiiiiiiiiiimmmmiiissssssssssssssssssssssssssssssssssssliilllfffllllllfllllssslfssslffiillliifllliiilllslllliillflllliifffffffffffflllfflllfffflflllfffffffffllllflffffffffffllllllllllllllllliilllssssss
ssllllllliiliiiiiiillliiiffffflffffllffllllffffffffffllllllillfffflliiiilsssllllllllliissssssssssiiiiiiiiiiimmmmmmmssssssssssssssssssssssssssssssssssssssllimllffffffffllfffillsslflslffiilliliiiiiillllllsllliiiilffffiffflflflllffffffffffffffflffffffffffllfffffffffffffffffffllfffffflllllllliiiiiilssss
sssllllllliiilllffffiifffffffflfffffllflfllfllfffffffffffffiffffffiilllissssssslllllliiiisssssssiiiiiiiiiiiimmmiisssssssssssssssssssssssssssssssssssssssliimmlffffffflffllllllllsfllllfliiiiliiilffflllllfffffiffiiiiiiffffffffffffllllffffffffffffllffffflfflfllflffffffffffffffffffffffllllllllllllliiiiis
sllllllilllllffffffffffffffffffffflffffffffffffffllfffffffffiifflfliiilssssssslllllllllslsssssssiiiiiiiiiimmmmissssssssssiiiiiillssssssssssssssssssssssiiimlffffffllflffllsllllliiiillllllflllllliiilllfflfffffiilfffilfllmmmmmmmmfflllfffffffffffffffffllmmmmmflfllllllmfflflflflllffffllllllllllllllliiiis
llllllliffmffffffffllffflllllfllffffffffffffffffffllfffffflffiiflllllllssssslslllllllsllssssssssiiiiiiiiiimiissssssssssiiilllllllsssssssssssssssssssssslmmlfffflsfffffffflssssllifliiiffffffffffflliiiiiffffflffffffffffflfmmmfffmmmmmmmffffffffflllffffflmfflflmmffffffmmmfffffffffllmmmmmmmmlllllllllliiis
sllffffillmllffllllfmmmmmflffffffffflffffffffffffffllffffflfffillllllsllssslllllllllllsssssssssssiiiiiiiimmssssssssssssssiillllllsssssssssssssssssssssllmffffllsslfffflfllsllffffffffffffffllfflfllffffllfffffffffflffffffffmmflllmlffmmmllfllffffllfflfffmffmmmmmfmmllllmmlfffffffmmmmmmmlllmlllllsssslllss
sssssllillmlffflfmmmflffmflfffffffffllffffffffffffffflfffflffllllllslllllssllssllllllllssssssssssiiiiiiimmisssssssssssssssllllllsssssssssssssssssssssmmmmflfflssffllfflfflffffffffffflfffffffffffffllffffffffffffffffffffffffmmmmmmffmffffffffffffllfllffllmmfflfmmmmmmmmmlllmmmmmmmmmllllllmmlllllsssssssss
sssllllmmmmmmmmmmmmmmmmmmmmmffffffffllllffffflfffffffffffffflllllsssslsllsslsssssllllllsssssssssssiiiiiimiisssssssssssssssssssssssssssssssssssssssslmmllflfflsslffffffllffffffffllflllfffffflfflflfffffffffffffffffffffffffffffmmmmmmffffffffffffflffffffffmmmmmmmmmmmmmmmmmmmmmmmmmmmmmmmmmmllllllsssssssss
ssllfffmmmffmmmlmmmmllmlfffmmffffllllllllfffffffffffllffflfflllsssssssslslsliiilssslllssssssssssssiiiiimmissssssssssssssssssssssssssssssssssssssssmmmllfffflssslfffffflfffflffffffffflfflllfffllffffflllffflllfllllllflffffffffffffffffffffffffffffffllfflmmmmmmlllmllllllmmmmmllllllllllllllllllsssssssssss
sslfffflfmmmmmmmmmmmmmmmmmmfflmmmmfflllllllffffffllllfffflffllssssssssssslsllliiissssssssssssssssssiiiimisssssssssssssssssssssssssssssssssssssssslmllffffffssssllfllfflfflfffffffffffffflfffffffffflflfflllffffffffffffflllffffffffffflfflffffffffflflffflmllmmmmmmmmmmmmmlllllllllllllllllllllsssssssssssss
ssllfffflllllllllslllllllfmmmmlfmmlflllllllllfffffffffffffffllssssssssssssslllllllllssssssssssssssssssiiisssssssssssssssssssssssssssssssssssssssslmllflfffflsssllfffffffffffffflllffffffffffffffffffffffffffffffffffffffffffffffffffffffffffffffffffffffffmmmmmmmllllllllllllllssssslllllllllsssssssssssssss
sllllfllllllllllssslllllllmfmmmmmmflllllllllllllfffffffffllfllssssssssssssssllllfffssslssssssssssssssssissssssssssssssssssssssssssssssssssssssssslffffllllfffssslllslfflffllffffffflflfffffffffffflfflflllfffffffllllllllffflllfflffllflfffffffffffffflffflllllllllllllllllllllsssslllllssssssssssssssssssss
ssssslllllllssssssssssssllmlmmfffflllllllllllllllllllffflfffllsssssssssssssllllfffffslllssssssssssssssssssssssssssssssssssssssssssssssssssssssssslffffllllfflsssllllfffffffffffffffffllflllflfllflfflffllllllfllllfffffffflfffffffffffffffmmmffffffffffffflllllllllllllllsslllssssllllssssssssssssssssssssss
sssssssslllllssssssssssssllmmmfmmffllllllllllllllllllffflllllflsssssssssssslllfffffffflllsssssssssssssssssssssssssssssssssssssssssssssssllssssssssllsslllffssssslllfflfflflfflllfffflfffllfffflfffllllllffffflllllllllllllffllfffffffffffmffmmfffffllllflffllllllllssssssssssssssllllsssssssssssssssssssssss
sssssssslllllssssssssssssslllmmmmmfffllllllllllllllllllffffffffflssssssssssslffffffffffflssssssssssssssssssssssssssssssssssssssssssssssslllssssssssslllllflssslllllfflfflfllfllllllfllfffffffffflllllllllllllllllllllllllffffffllllllmlllllllmfllllllllfffffllllllsssssssssssssslllfflssssssssssssssssssssss
sssssslllssssssssssssssssssllllmmmmmfflllllllllllllllllllffffffffllssssssslslfflllmmmfffflsssssssssssssssssssssssssssssssssssssssssssssllllsssssssslllsllllssslllllfflfflffflllllllfflfllllllllllllllllllllllllllllllllllllllllllllllmmlmlllmmmffffffffffflffllllssssssssssssssllllfflssssssssssssssssssssss
ssssllllssssssssssssssssssssslllmmlmmmlllllllllllllllllllllfflllfffflssssslllfflfmffmmllllsssssssssssssssssssssssssssssssssssssssssssssslllsssssssslllllllsssslllllfffffllllllllllllflflllllllllllllllllllllllllllllllllllllllllllllllmmlllmmfmmffffffffffllflllssssssssssssssslllfffsssssssssssssssssssssss
sslllssssssssssssssssssssssssllllmmlmmmlllllllllllllllllllllflffffffffflsslllfflfmmmmmmmllllssssssssssssssssssssssssssssssssssssssssslllllllssssssssllssssslsllllllllllllllllllllllllfflllllllllllllllllllllllllllllllllllllllllllllllllmmmmfffmffffffffflfllflsssssssssssssssslllfflsssssssssssssssssssssss
sllsssssssssssssssssssssssssslsslmmlmmmmlllllllllllllllllllllffflffffffffffffffllfffmmmmlflllsssssssssssssssssssssssssssssssssssssssllllsslllsssssslllllllllllllllllllllllllllllllllllllllllllllllllllllllllllllllllllllllllllllllllllmlmmmmmlllmllllllffflflfffffsssssssssssssllfflsssssssssssssssssssssssl
lssssssssssssssssssssssssssssllsslmlfmmmmllllllllllllllllllllllffflllffffsfffffflfffflffllllllssssssssssssssssssssssssssssssssssssssllllsllllssssllllllffffllllllllllllllllllllllllllllllllllllllllllllllddddddddddlllllllllllllllllmmmmllmmmlllmlllllllfffffffffflllssssssssssllllsssssssssssssssssssssssss
ssssssssssssssssssssssssssssssssslmlfmmfmmlllllllllllllllllllllllffflllllsfflffflffllfffffllllssssssssssssssssssssssssssssssssssssssllllslllllsslllllllfllflllllllllllllllllllllllllllllllddllllllddddddddlllldddddlllllllllllllllmmmmmllmmmmmmlmlllllllfllfffllfllllsssssssssssllssssssssssssssssssssssssss
ssssssssssssssssssssssssssssssssssmmmmlfdmlllllllllllllllllllllllllfffflffffllllfllfffllllllllssssssssssssssssssssssssssssssssssssssllssllllllsslllllllffffllllllllllllllllllllllllllllldddddddddddlllddddllddddddllllllllllllmmmmmmmmmmmmmmmmmmmlllllllfffffffffllllssssssssssllsssssssssssssssssssssssssss
sssssssssssssssssssssssssssssssssllmmmmlfmlllllllllllllllllllllllllllfflffffffffllffflllllllllssssssssssssssssssssssssssssssssssssssssssllllsllllllllfffllllllllllllllllllllllllllllllldddddddddddldddddddddddddllllllllmmmmllllllmmmmmmllmlmlmmmlllllllfffffffffffllsssssssssssssssssssssssssssssssssssssss
ssssssssssssssssssssssssssssssssssllmmmmlmmmllllllllllllllllllllllllllllllflllflllffllsllssslllssssssssssssssssssssssssssssssssssssssssssssslllllllllflffllllllllllllllllllllllllllllllddddddddddddddddddldddlllllllllllmllddmllldmllldmmmlmlllmmllllllffllfflllflllslssssssssssssssssssssssssssssssssssssss
sssssssssssssssssssssssssssssssssssslmmmflmmmlllllllllllllllllllllllllllllllflllfllflllsssslllllssssssssssssssssssssssssssssssssssssssssllllllllllllflllffllllllllllllllllllllllllllllldddddddddddddddlddddddlllllmmmdddmmmmmmmmmmmmmmmmmmmmmmmmmmmmlllfffffflllflsllsssssssssssssssssssssssssssssssssssssss
sssssssssssssssssssssssssssssssssssslmmlmlmlmlllllllllllllllllllllllllllllllfflffflflllssssllllllsssssssssssssssssssssssssssssssssssssssslllllllllllfflllllfllllllllllllllllllllllllllddddddddddddddddddddddlllllmddmmdmmmmmmmmmmmmmmllldllmmmmlllmmllllfllfffffllslssssssssssssssssssssssssssssssssssssssss
ssssssssssssssssssssssssssssssssssssllmlmmmlmmllddllllllllllllllllllllllllllllffmflflllsslsssslllsssssssssssssssssssssssssssssssssssssssssllllllllllfffmmmfffllllllllllllllllllllllllldddddddddddddddddllddlllldmmlmmmmmmmmmmmmmmmmmdmlldddmdmmlmmmlllllfflflllllssllsssssssssssssssssssssssssssssssssssssss
sssssssssssssssssssssssssssssssssssssllmlmmddmmldddllllllllllllllllllllllllllllfmflllllllllsssssssssssssssssssssssssssssssssssssssssssssssslllllffmmmmmmffffflllmlllllslllssllllllllllssdddddddddddddddddlllllllmmmmdddddddddddddddmdddmddmmmmmmlllllllllflflllllsssssssssssssssssssssssssssssssssssssssssss
ssssssssssssssssssssssssssssssssssssllfmmmmmmlmddddldllllllllllllllllllllllllllfmlllllllllsssssssssssssssssssssssssssssssssssssssssssssssssslllmmmlmmlmlffflllllmmllllsslllllllllllllssddddddddddddddddlddlmllmmllmldddlldlddlddlldddmmmmmmmmllmllllllllllffllllsssllsssssssssssssssssssssssssssssssssssssss
ssssssssssssssssssssssssssssssssssssllmfmmldmddmddddddllllllllllllllllllllllfffmmllssllssssssssssssssssssssssssssssssssssssssssssssssssssssllflflfflllllslfllllllmlllssssssslllllllllssdddddddddddddddddlllmllmmmmmmdddldlddddddddddmmdmddmmdddmlllllllllllllllsssslllssssssssssssssssssssssssssssssssssssss
ssssssssssssssssssssssssssssssssssssllmmmmldmmdmmdlddddlllllllllllllllllllflfmmmllsssssssssssssssssssssssssssssssssssssssssssssssssssffflllllffffllssllllsffmflllllllssssssssslllllllsssddddddddddddddlllllmmmmlmmmmmldddlldddddddddmmmmlmdmlllmllllllllllllllsssslfflssssssssssssssssssssssssssssssssssssss
ssssssssssssssssssssssssssssssssssssllfmlmmdlmldmddldldllllllllllllllllllflllmllllsssssssssssssssssssssssssssssssssssssssssssssssssssfmmllllllllsssslslllssslmmmllllsssssssssssllllllssssddddddllddddlllllllllmlmmmmmmdlldddlllddllmmmmlmmmmlllmllllllllllssssssslffllssssssssssssssssssssssssssssssssssssss
ssssssssssssssssssssssssssssssssssssllmmmlmdmmllmmdldldlllllllllllllllllfllmmllllsssssssssssssssssssssssssssssssssssssssssssssssssssslmllmlllllssssslssllllssfmmllllffffllllffllllllllsssllllllldddddllllllmmmmmlmmmlllddldddddddddmmmmmmmmmllmmllllllllllsssssssslsssssssssssssssssssssssssssssssssssssssss
ssssssssssssssssssssssssssssssssssssllmmlmmmmmddlmdddldlllllllllllllllllflfmllllsssssssssssssssssssssssssssssssssssssssssssssssssssssllmmmmllssssssllssslllllffllsllmmmlllmmmmmmmmlllllsllllllllllllllllmmmlllmmmmmmmmmmdddlmmmmdmmmmmmllmmllmmllllllllllsssssssssllssssssssssssssssssssssssssssssssssssssss
ssssssssssssssssssssssssssssssssssssslllmmdmdmlddmmddddlllllllllllllllllflfflllsssssssssssssssssssssssssssssssssssssssssssssssssssssslllmmlllssssssslssssslsslflsslllllmmmmllllllmmlllsssllllllllllmmlmmmlmmmmmmmmmmmmlllmmmmmmmmllmmmmmmllmmmlllsllslllssssssssslllssssssssssssssssssssssssssssssssssssssss
sssssssssssssssssssssssssssssssssssssllllmmmdmddddmddddllllllllllllllllllfflllsssssssssssssssssssssssssssssssssssssssssssssssssssssssllllmlllssssssssssssslssslllsslllllllllllllllmmllssslllllllllmmmmmlllllmmmmmmmmmmmmmlllmmmmmmmmmmmllmmlllllsssssllllsssssssslllssssssssssssssssssssssssssssssssssssssss
ssssssssssssssssssssssssssssssssssssssllllmdmmmdldmddddlllllllllllllllllffflllssssssssssssssssssssssssssssssssssssssssssssssssssssssslllffllssssssssssslllsssslllssllllllllllllllllmmllssllllllllmlmmmlllllmmmmmmmmlmmmmmmmmmmmmmmmmmmfmmffffffllllssslllssssssslffsssssssssssssssssssssssssssssssssssssssss
ssssssssssssssssssssssssssssssssssssssllllmdmmmmldlmddddllllllllllllllffflllllssssssssssssssssssssssssssssssssssssssssssssssssssssssssslfsssslllllllllssssssssssssssllllllllllllllllmmmlllmmmmlmmmmlllmmmmmlllmllfmmllmmmlmmmmmmmmmllmmlllllllfflllsssllllssssllfflsssssssssssssssssssssssssssssssssssssssss
sssssssssssssssssssssssssssssssssssssssllldmdmmllmdmddlllllllllllllllllffllllssssssssssssssssssssssssssssssssssssssssssssssssssssssssssllssllllllmmmllssssssssssllssssssssslllllllllllmmmmllmmmmmmllmmddddddllmmmmmflllmmllmlllllmlmmllllllllllffssssslllsslfllllllsssssssssssssssssssssssssssssssssssssssss
sssssssssssssssssssssssssssssssssssssssllldmdmmmlmlmmdllllllllllllllllllflllssssssssssssssssssssssssssssssssssssssssssssssssssssssssssslllllddmmmmmmllsssssssssssssssssssslddddddddlllllmlldddlmlmmmdddddddddlllllmmmmmmmmmmmmllmmmllffflllllllllssssslsssllfllllsssssssssssssssssssssssssssssssssssssssssss
ssssssssssssssssssssssssssssssssssssssssssdmdlmmllmlmddlllllllllllllllllfllssssssssssssssssssssssssssssssssssssssssssssssssssssssssssslllllddmmmmdddddddssssssssssssssssssdddddddddddllllmmmmmmmmmlddddddddddlllmmlllflllllmmlmmmmllfllfflllllllllssssssslllllssssssssssssssssssssssssssssssssssssssssssssss
sssssssssssssssssssssssssssssssssssssssssslmdlmmlmmlmmdlllllllffffffffffflssssssssssssssssssssssssssssssssssssssssssssssssssssssssssslmmmmmmmmmmdddddddddsssslllssssssssssdddddddddddllllmmmmmmmdldddddddddddllmllllllffffllmmmmmlllffffffffffllllfsssssssllssssssssssssssssssssssssssssssssssssssssssssssss
sssssssssssssssssssssssssssssssssssssssssssmmllmllmmlmmllllllllllllllllllssssssssssssssssssssssssssssssssssssssssssssssssssssssssssssdddmmmmmddddddddddddddssllllllssssssldddddddddddllllldddddddddddddddddddlllllllllllllllmmmmmllffffffffffffffffssssssslsssssssssssssssssssssssssssssssssssssssssssssssss
sssssssssssssssssssssssssssssssssssssssssssdmmlmmlmmmlmmlllllllllllllllllsssssssssssssssssssssssssssssssssssssssssssssssssssssssssssldddddddddddddddddddddddldddddddllddllddddddddddddllllddddddddddddddddddlllllllllllllllllmmlmlflffllfffllllffffsssssssssssssssssssssssssssssssssssssssssssssssssssssssss
ssssssssssssssssssssssssssssssssssssssssssssdmmlmmllmldmllllllslllsssslllsssssssssssssssssssssssssssssssssssssssssssssssssssssssssssddddddddddddddddddddddddddddddddllddllddddddddddddlllldddddddddddddddddllllllllllllllllllmmlmlfllfffffflllfffffsssssssssssssssssssssssssssssssssssssssssssssssssssssssss
sssssssssssssssssssssssssssssssssssssssssssssdlllmmlmllmmllllsssssssssslllssssssssssssssssssssssssssssssssssssssssssssssssssssssssldddddddddddddddddddddddddddddddddllddllldddddddddddslllddddddddddddddddlllllllllllllllllllmmlmlflllfffflllfflfffsssssssssssssssssssssssssssssssssssssssssssssssssssssssss
sssssssssssssssssssssssssssssssssssssssssssssllsllmmmllfmllsssssssssssslllssssssssssssssssssssssssssssssssssssssssssssssssssssssssddddddddddddddddddddddddddddddddddllddlsldddddddddddsslllddddddddddddddlllllllllllllllllllllmlmlffllffffffffffflssssssssssssssssssssssssssssssssssssssssssssssssssssssssss
sssssssssssssssssssssssssssssssssssssssssssssslssllmlllfmllsssssssssssssllssssssssssssssssssssssssssssssssssssssssssssssssssssssldddddddddddddddddddddddddddddddddddlldddlslddddddddddlsslldddddddddddddllllllllllllllllllllllllmllffffffffllffllsssssssssssssssssssssssssssssssssssssssssssssssssssssssssss
ssssssssssssssssssssssssssssssssssssssssssssssllslllmlffmllsssssssssssssllssssssssssssssssssssssssssssssssssssssssssssssssssssssddddddddddddddddddddddddddddddddddddllldddslldddddddddlsssslsddddddddddllllllllllllllllllllllllllllllllfflflfffllslsssssssssssssssssssssssssssssssssssssssssssssssssssssssss
sssssssssssssssssssssssssssssssssssssssssssssssllsllmfllmmlsssssssssssssssslsssssssssssssssssssssssssssssssssssssssssssssssssssdddddddddddddddddddddddddddddddddddddllldldlsllddddddddllldddlssssssssllllllllllllllllllllllllllllllllllflfffffllsllsssssssssssssssssssssssssssssssssssssssssssssssssssssssss
sssssssssssssssssssssssssssssssssssssssssssssssslsslfllllmlssssssssssssllssssssssssssssssssssssssssssssssssssssssssssssssssssssddddddddddddddddddddddddddddddddddddddllddddsslddddddddddddddddsssssssslllllllllffffflllllllllllllllllllflffffllssllsssssssssssssssssssssssssssssssssssssssssssssssssssssssss
ssssssssssssssssssssssssssssssssssssssssssssssssssssfffllllssssssssssslllllsssssssssssssssssssssssssssssssssssssssssssssssssssdddddddddddddddddddddddddddddddddddddddlllddddslldddddddddddddddlsssssssllllllllfflffffllllllllllllllllllfflflssssssssssssssssssssssssssssssssssssssssssssssssssssssssssssssss
ssssssssssssssssssssssssssssssssssssssssssssssssssssllfffllsssssslllsssssslllsssssssssssssssssssssssssssssssssssssssssssssssssdddddddddddddddddddddddddddddddddddddddlllldldslldddddddddddddddlsssssssslllllllfllflfllsssslllllllllfllllfffsssssssssssssssssssssssssssssssssssssssssssssssssssssssssssssssss
ssssssssssssssssssssssssssssssssssssssssssssssssssssllllffllssssllllssssssssllllllsssssssssssssssssssssssssssssssssssssssssssssdddddddddddddddddddddddddddddddddddddlllllddddslddddddddddddddlssssssssssslllllfffflfllsssslllllllllfflssffssssssssssssssssssssssssssssssssssssssssssssssssssssssssssssssssss
sssssssssssssssssssssssssssssssssssssssssssssssssssssllllllllssllllssssssssssssllllssssssssssssssssssssssssssssssssssssssssssssddddddddddddddddddddddddddddddddddddddllllldddssldddddddddddddsssssssssssssllllllllflsssssssllllllllfffsllsssssssssssssssssssssssssssssssssssssssssssssssssssssssssssssssssss
sssssssssssssssssssssssssssssssssssssssssssssssssssssslllllllflffflssssssssllslllllsslsssssssssssssssssssssssssssssssssssssssssddddddddddddddddddddddddddddddddddddddlllllldddslddddddddddddssssssssssssssllllllllllsssssssllllllllflfsssssssssssllsssssssssssssssssssssssssssssssssssssssssssssssssssssssss
sssssssssssssssssssssssssssssssssssssssssssssssssssssssslllllffflflssssssssssssssssssssssssssssssssssssssssssssssssssssssssssssldddddddddddddddddddddddddddddddddddddddlllldddssddddddddddlsssssssssssssssllllllllsssssssssllllllllffffsssssssssslssssssssssssssssssssssssssssssssssssssssssssssssssssssssss
sssssssssssssssssssssssssssssssssssssssssssssssssssssssssslllllllfflllsssssssssssssssssssssssssssssssssssssssssssssssssssssssslllllllllllllllllllddddddddddddddddddddddlllllddssldddddddlssssssssssssssssslllllllssssssssssslsllllllflflsssssssssllsssssssssssssssssssssssssssssssssssssssssssssssssssssssss
ssssssssssssssssssssssssssssssssssssssssssssssssssssssssssssssslllfllllsssssssssssssssssssssssssssssssssssssssssssssssssssssssffffflllllllllllllllllllllldddddddddddddllllllldlslddddllssssssssssssssssssslfllllsssssssssssssslllllllfffsssssssssllsssssssssssssssssssssssssssssssssssssssssssssssssssssssss
ssssssssssssssssssssssssssssssssssssssssssssssssssssssssssssssssllfflllsssssssssssssssssssssssssssssssssssssssssssssssssssssssffffffflllllllllllllllllllllllllllllllllllllmmmlllldddllsssssssssssssssssssssffllllsssssssssssssslllllllfffssssssssllllsssssssssssssssssssssssssssssssssssssssssssssssssssssss
sssssssssssssssssssssssssssssssssssssssssssssssssssssssssssssssssssflllsssssssssssssssssssssssssssssssssssssssssssssssssssssssffffffffffffffffffllllllllllllllllllllllllllmlmmmmlllsssssssssssssssssssssssslflllssssssssssssssslllllllflfssssssssslsllssssssssssssssssssssssssssssssssssssssssssssssssssssss
sssssssssssssssssssssssssssssssssssssssssssssssssssssssssssssssssssslllssssssslllllssssssssssssssssssssssssssssssssssssssssssssffffflffffffffffffflfffflllllflllllllllllllmmmmlmmlsslddlssssssssssssssssssslflllssssssssssssssslssslllffssssssssssslllssssssssssssssssssssssssssssssssssssssssssssssssssssss
sssssssssssssssssssssssssssssssssssssssssssssssssssssssssssssssssssssllsssssslllllllllsllsssssssssssssssssssssssssssssssssssssssfffffffffffffffffffffffllllfflllllllllllllfffmmlmmlldddlssssssssssssssssssssflllssssssssssssssslsssllffssssssssslsslllssssssssssssssssssssssssssssssssssssssssssssssssssssss
sssssssssssssssssssssssssssssssssssssssssssssssssssssssssssssssssssssslllffssllllllfffffffsssssssssssssssssssssssssssssssssssssssfffffflfffflffffffffllllllfffffffllllllllfflmmmmmfddldsssssssssssssssssssssslllssssssssssssssslsssslfssssssssslssslllssssssssssssssssssssssssssssssssssssssssssssssssssssss
sssssssssssssssssssssssssssssssssssssssssssssssssssssssssssssssssssssssllffflllllllfffffffffsssssssssssssssssssssssssssssssssssssfffffllfffflflflfffllffffllffffffffllllllfflmmmffdddddsssssssssssssssssssssslsllssssssssssssssllssslssssssssssssssllllsssssssssssssssssssssssssssssssssssssssssssssssssssss
ssssssssssssssssssssssssssssssssssssssssssssssssssssssssssssssssssssssssllsfllmlllffffffffffssssssssssssssssssssssssssssssssssssssfffffffffffflffffffllfffffffffffffflllllllmllffdddddlssssssssssssssssssssssssllfssssssssssssssllsssssssssssssssssllllsssssssssssssssssssssssssssssssssssssssssssssssssssss
sssssssssssssssssssssssssssssssssssssssssssssssssssssssssssssssssssssssssssslmmlfffffffffllfffffsssssssssssssssssssssssssssssssssssfffffffffflssffffffffffffffflllffffflllllmlffddddddssssssssssssssssssssssssssfssssssssssssssslssssssssssssslfssssslssssssssssssssssssssssssssssssssssssssssssssssssssssss
sssssssssssssssssssssssssssssssssssssssssssssssssssssssssssssssssssssssssssslmfffffffflfmffffffffssssssssssssssssssssssssssssssssssssfffffflsssssfffffffffffffffffffffflllllllflddddddsssssssssssssssssssssssssssssssssssssslllsslssssssssssllfflsssssssssssssssssssssssssssssssssssssssssssssssssssssssssss
ssssssssssssssssssssssssssssssssssssssssssssssssssssssssssssssssssssssssssssmmmfffffffffmmffffffflssssssssssssssssssssssssssssssssssssssssssssssssssfffffffflffffffffffllllllllddddddssssssssssssssssssssssssssssssssssssssssllsslslssssssslllflssssssssssssssssssssssssssssssssssssssssssssssssssssssssssss
sssssssssssssssssssssssssssssssssssssssssssssssssssssssssssssssssssssssssssfmmffffffflfffmmflfffflsssssssssssssssssssssssssssssssssssssssssssssssssslffffffflfffffffffllllllllldddddsssssssssssssssssssssssssssssssssssssssssslfllllssssssllllffssssssssssssssssssssssssssssssssssssssssssssssssssssssssssss
ssssssssssssssssssssssssssssssssssssssssssssssssssssssssssssssssssssssssssffmfflffflffffllfflffffllssssssssssssssssssssssssssssssssssssssssssssssssslfffffffffffffflffflllllllldddlssssssssssssssssssssssssssssssssssssssssssssfflllsssslllfmmflssssssslssssssssssssssssssssssssssssssssssssssssssssssssssss
sssssssssssssssssssssssssssssssssssssssssssssssssssssssssssssssssssssssssffmmfflfffffffffffffflllffssssssssssssssssssssssssssssssssssssssssssssssssslflfffffffflffllfflllllllllddlssssssssssssssssssssssssssssssssssssssssssssslfllssssslffmfmllslllllsllsssssssssssssssssssssssssssssssssssssssssssssssssss
sssssssssssssssssssssssssssssssssssssssssssssssssssssssssssssssssssssssssfmmmfflllfffffffffffllffffffssssssssssssssssssssssssssssssssssssssssssssssslflllffffffllflfffllmmllllldlssssssssssssssssssssssssssssssssssssssssssssssslfflsssslflmmmlsslssssslsssffsssssssssssssssssssssssssssssssssssssssssssssss
sssssssssssssssssssssssssssssssssssssssssssssssssssssssssssssssssssssssslfmmmmflfffffffffffllflllffffffssssssssssssssssssssssssssssssssssssssssssssslfffffffffffffffflllmmllllldssssssssssssssssssssssssssssssssssssssssssssssssllfflssssffmmllsllllssssssfffssllsssssssssssssssssssssssssssssssssssssssssss
sssssssssssssssssssssssssssssssssssssssssssssssssssssssssssssssssssssssssfmmmmmlfffffffffllffffffffflffffflssssssssssssssssssssssssssssssssssssssssssffffflfffffffflflllmmlllllssssssssssssssssssssssssssssssssssssssssssssssssssllflsssslllffsslllsssssssffffmffllsssssssssssssssssssssssssssssssssssssssss
sssssssssssssssssssssssssssssssssssssssssssssssssssssssssssssssssssssssssffmmfmffffffffllfffffffffffflfflllllsssssssssssssssssssssssssssssssssssssssslfffflfffffffllflllmmmlllsssssssssssssssssssssssssssssssssssssssssssssssssssslffssssssslfssllllsslssssslfmmlfffllssssssssssssssssssssssssssssssssssssss
sssssssssssssssssssssssssssssssssssssssssssssssssssssssssssssssssssssssslflmmfmmlffffllfffffffflfffffffllllllllssssssssssssssssssssssssssssssssssssssslffffffflffflfflllmlmlllsssssssssssssssssssssssssssssssssssssssssssssssssssssllssssssssssslsllsssssssssslmllfffffsssslssssssssssssssssssssssssssssssss
sssssssssssssssssssssssssssssssssssssssssssssssssssssssssssssssssssssssssffmmmfmlffflfffffffffffffffffffflllllllsssssssssssssssssssssssssssssssssssssssfflfffffffflfflllmmllllsssssssssssssssssssssssssssssssssssssssssssssssssssssssllssssssssssssssssssssssssslfffllflllllsslsssssssssssssssssssssssssssss
ssssssssssssssssssssssssssssssssssssssssssssssssssssssssssssssssssssssssslflmmllmfffffffffffffffffffffffffllllllsssssssssssssssssssssssssssssssssssssssfffffffffffffflllmmllllsssssssssssssssssssssssssssssssssssssssssssssssssssssssllfffffsssssssssssssssssssslfflllfflsssssssssssssssssssssssssssssssssss
ssssssssssssssssssssssssssssssssssssssssssssssssssssssssssssssssssssssssssflmmfllmffffffffffffffffffffffffllllllsssssssssssssssssssssssssssssssssssssssslfffflffffffflllmmllllssssssssssssssssssssssssssssssssssssssssssssssssssssssssslllllllslslsssssssssssssslllllllflsssssssssssssssssssssssssssssssssss
ssssssssssssssssssssssssssssssssssssssssssssssssssssssssssssssssssssssssssllmmmflmffffffflfffffflllfffllflllllllsssssssssssssssssssssssssssssssssssssssslfffflffffffflllmmllllssssssssssssssssssssssssssssssssssssssssssssssssssssssssssssssssssllsslllssssssssssslllssfflssssssssssssssssssssssssssssssssss
sssssssssssssssssssssssssssssssssssssssssssssssssssssssssssssssssssssssssssffmmmfmmffffffffffffffffffffffffllllssssssssssssssssssssssssssssssssssssssssslfffffflffflflllmllllllsssssssssssssssssssssssssssssssssssssssssssssssssssssssssssssssssslsslssssssssssssssssssssllsssssssssssssssssssssssssssssssss
ssssssssssssssssssssssssssssssssssssssssssssssssssssssssssssssssssssssssssslfllmmfffffffffffffffffffffffflflllssssssssssssssssssssssssssssssssssssssssssffffffllffffflllmllffffsssssssssssssssssssssssssssssssssssssssssssssssssssssssssssssssssssssssssssssfsssssslssssssssssssssssssssssssssssssssssssssss
ssssssssssssssssssssssssssssssssssssssssssssssssssssssssssssssssssssssssssssfflmmmffffffffffffffffffffffllfllsssssssssssssssssssssssssssssssssssssssssssflffffffffffffllmllfflfssssssllsssssssssssssssssssssssssssssssssssssssssssssssssssssssssssssssssssfffflssssffsssssssssssssssssssssssssssssssssssssss
ssssssssssssssssssssssssssssssssssssssssssssssssssssssssssssssssssssssssssssllfffmmflffffllffffffffffffffflllsssssssssssssssssssssssssssssssssssssssssslflfffffffffffffllllffffssssssllsssssssssssssssssssssssssssssssssssssssssssssssssssssssssssssssssslfffllssssffsssssssssssssssssssssssssssssssssssssss
ssssssssssssssssssssssssssssssssssssssssssssssssssssssssssssssssssssssssssssslllfmmfffffflfffffffffffllllllllsssssssssssssssssssssssssssssssssssssssssslfffflffffflffffllllflllssssslllssssssssssssssssssssssssssssssssssssssssssssssssssssssssssssssllffffflllssssfflssssssssssssssssssssssssssssssssssssss
sssssssssssssssssssssssssssssssssssssssssssssssssssssssssssssssssssssssssssssslllfmmffffflfffffffffflllmllfflssssssssssssssssssssssssssssssssssssssssslllffflffllffflffllllflflssssllllsssssssssssssssssssssssssssssssssssssssssssssssssssssssssssssldlfflllllllsssffllsssssssssssssssssssssssssssssssssssss
ssssssssssssssssssssssssssssssssssssssssssssssssssssssssssssssssssssssssssssssssllmmmfffflllfflllllllmmmlffflssssssssssssssssssssssssssssssssssssssssslllffllflllffflfflllllffsssslllllsssssssssssssssssssssssssssssssssssssssssssssssssssssssssssslldddddlllllllsllfflsssssssssssssssssssssssssssssssssssss
sssssssssssssssssssssssssssssssssssssssssssssssssssssssssssssssssssssssssssssssssllmmffffffffffllllmmmlmffflssssssssssssssssssssssssssssssssssssssssssllllfflllllffllfllffllfssssslllllssssssssssssssssssssssssssssssssssssssssssssssssssssssssssssldddddddddddddddddmflssssssssssssssssssssssssssssssssssss
sssssssssssssssssssssssssssssssssssssssssssssssssssssssssssssssssssssssssssssssssllmmffffffffffflmmlmmmmffllsssssssssssssssssssssssssssssssssssssssssssllllmmmlllllllffllllsssssssllllsssssssssssssssssssssssssssssssssssssssssssssssssssssssssssslddddddddddddddddddmffssssssssssssssssssssssssssssssssssss
ssssssssssssssssssssssssssssssssssssssssssssssssssssssssssssssssssssssssssssssssslllmffffffffllflmlmmlmmflllsssssssssssssssssssssssssssssssssssssssssssllmmmlmllllflllllllssssssssllllssssssssssssssssssssssssssssssssssssssssssssssssssssssssslddddddddddddddddddddlmmmlsssssssssssssssssssssssssssssssssss
ssssssssssssssssssssssssssssssssssssssssssssssssssssssssssssssssssssssssssssssssssllmmfffffffflflmmlmmmflflssssssssssssssssssssssssssssssssssssssssssssslmlmlmllllllllllfllsssssslllllssssslsssssssssssssssssssssssssssssssssssssssssssssssssdddddddddddddddddddddddllllllssssssssssssssssssssssssssssssssss
ssssssssssssssssssssssssssssssssssssssssssssssssssssssssssssssssssssssssssssssssssllmmffffffffffllmmmllllllssssssssssssssssssssssssssssssssssssssssssssslmmmllllllllllllllfssssslllllsssssssssssssssssssssssssssssssssssssssssssssssssssssssldddddddddddddddddddddddllllllfsssssssssssssssssssssssssssssssss
sssssssssssssssssssssssssssssssssssssssssssssssssssssssssssssssssssssssssssssssssllmmmffffffffllllmmllllllsssssssssssssssssssssssssssssssssssssssssssssssddddllllllllllllllssssssllllsssssssssssssssssssssssssssssssssssssssssssssssssssssssddddddddddddddddddddddddlllllllsssssssssssssssssssssssssssssssss
sssssssssssssssssssssssssssssssssssssssssssssssssssssssssssssssssssssssssssssssssllmmmffffffffllllllllsssssssssssssssssssssssssssssssssssssssssssssssssssdddddddddlllllmllsssssssllllsssssssssssssssssssssssssssssssssssssssssssssssssssssslddddddddddddddddddddddddllllllllssssssssssssssssssssssssssssssss
sssssssssssssssssssssssssssssssssssssssssssssssssssssssssssssssssssssssssssssssssllmlmfffffffflllllllssssssssssssssssssssssssssssssssssssssssssssssssssssddddddddllllllmlsssssssssllssssssssssssssssssssssssssssssssssssssssssssssssssssssssddddddddddddddddddddddddfffffflllsssssssssssssssssssssssssssssss
sssssssssssssssssssssssssssssssssssssssssssssssssssssssssssssssssssssssssssssssssllmlmffffffffflllllsssssssssssssssssssssssssssssssssssssssssssssssssssssddddddddddlllmmlsssssssssssssssssssssssssssssssssssssssssssssssssssssssssssssssssssddddddddddddddddddddddddlffffflllsssssssssssssssssssssssssssssss
ssssssssssssssssssssssssssssssssssssssssssssssssssssssssssssssssssssssssssssssssslmmmmffflllffffffffsssssssssssssssssssssssssssssssssssssssssssssssssssssddddddddddllmmllsssssssssssssssssssssssssssssssssssssssssssssssssssssssssssssssssssldddddddddddddddddddddddlllllllllsssssssssssssssssssssssssssssss
ssssssssssssssssssssssssssssssssssssssssssssssssssssssssssssssssssssssssssssssssslmmmlffffflfflllfffsssssssssssssssssssssssssssssssssssssssssssssssssssssslddddddddlmmmlssssssssssssssssssssssssssssssssssssssssssssssssssssssssssssssssssssldddddddddddddddddddddddlllllllllsssssssssssssssssssssssssssssss
ssssssssssssssssssssssssssssssssssssssssssssssssssssssssssssssssssssssssssssssssslmmmlffffffflllllllsssssssssssssssssssssssssssssssssssssssssssssssssssssssldddddddmmllsssssssssssssssssssssssssssssssssssssssssssssssssssssssssssssssssssssldddddddddddddddddddddddllllllllfsssssssssssssssssssssssssssssss
ssssssssssssssssssssssssssssssssssssssssssssssssssssssssssssssssssssssssssssssssllmmmlfffffflllllllssssssssssssssssssssssssssssssssssssssssssssssssssssssssldddddddmmllssssssssssssssssssssssssssssssssssssssssssssssssssssssssssssssssssssssdddddddddddddddddddddddllllllllfsssssssssssssssssssssssssssssss
ssssssssssssssssssssssssssssssssssssssssssssssssssssssssssssssssssssssssssssssssslmmmlllllllllllllsssssssssssssssssssssssssssssssssssssssssssssssssssssssssldddddddlmlsssssssssssssssssssssssssssssssssssssssssssssssssssssssssssssssssssssssdddddddddddddddddddddddlllllllflsssssssssssssssssssssssssssssss
ssssssssssssssssssssssssssssssssssssssssssssssssssssssssssssssssssssssssssssssssslmmmllllllllllllsssssssssssssssssssssssssssssssssssssssssssssssssssssssssslldddddlmlssssssssssssssssssssssssssssssssssssssssssssssssssssssssssssssssssssssssdddddddddlsssssddddddddlllllllflsssssssssssssssssssssssssssssss
sssssssssssssssssssssssssssssssssssssssssssssssssssssssssssssssssssssssssssssssslmlmmldllllllllllssssssssssssssssssssssssssssssssssssssssssssssssssssssssssslllmmmmmsssssssssssssssssssssssssssssssssssssssssssssssssssssssssssssssssssssssssddddddddssssssssdddddddllllllflssssssssssssssssssssssssssssssss
sssssssssssssssssssssssssssssssssssssssssssssssssssssssssssssssssssssssssssssssslmlmmddlllllllllsssssssssssssssssssssssssssssssssssssssssssssssssssssssssssslllssssssssssssssssssssssssssssssssssssssssssssssssssssssssssssssssssssssssssssssddddssssssssssssldddddllllmmlfsssssssssssssssssssssssssssssssss
ssssssssssssssssssssssssssssssssssssssssssssssssssssssssssssssssssssssssssssssslmmmmlddllllllssssssssssssssssssssssssssssssssssssssssssssssssssssssssssssssssssssssssssssssssssssssssssssssssssssssssssssssssssssssssssssssssssssssssssssssssssssssssssssssssssdddllllmmmmfssssssssssssssssssllsssssssssssss
ssssssssssssssssssssssssssssssssssssssssssssssssssssssssssssssssssssssssssssssslmmlmdddllllllssssssssssssssssssssssssssssssssssssssssssssssssssssssssssssssssssssssssssssssssssssssssssssssssssssssssssssssssssssssssssssssssssssssssssssssssssssssssssssssssssssllllllllffsssssssssssssssssssllssssssssssss
ssssssssssssssssssssssssssssssssssssssssssssssssssssssssssssssssssssssssssssssslmmlmdddllllllsssssssssssssssssssssssssssssssssssssssssssssssssssssssssssssssssssssssssssssssssssssssssssssssssssssssssssssssssssssssssssssssssssssssssssssssssssssssssssssssssssssllllllffssssssssssssssssssssllllssssssssss
sssssssssssssssssssssssssssssssssssssssssssssssssssssssssssssssssssssssssssssssmmmmmdddllllllssssssssssssssssssssssssssssssssssssssssssssssssssssssssssssssssssssssssssssssssssssssssssssssssssssssssssssssssssssssssssssssssssssssssssssssssssssssssssssssssssssssllffffsssssssssssssssssssssllllssssssssss
sssssssssssssssssssssssssssssssssssssssssssssssssssssssssssssssssssssssssssssssmlmmddldllsssssssssssssssssssssssssssssssssssssssssssssssssssssssssssssssssssssssssssssssssssssssssssssssssssssssssssssssssssssssssssssssssssssssssssssssssssssssssssssssssssssssssssffssssssssssssssssssssssssllllssssssssss
sssssssssssssssssssssssssssssssssssssssssssssssssssssssssssssssssssssssssssssssmllmddldllssssssssssssssssssssssssssssssssssssssssssssssssssssssssssssssssssssssssssssssssssssssssssssssssssssssssssssssssssssssssssssssssssssssssssssssssssssssssssssssssssssssssssssssslssssssssssssssssssssssllsssssssssss
sssssssssssssssssssssssssssssssssssssssssssssssssssssssssssssssssssssssssssssssmllmddldlsssssssssssssssssssssssssssssssssssssssssssssssssssssssssssssssssssssssssssssssssssssssssssssssssssssssssssssssssssssssssssssssssssssssssssssssssssssssssssssssssssssssssssssslllsssssssssssssssssssllllssssssssssss
sssssssssssssssssssssssssssssssssssssssssssssssssssssssssssssssssssssssssssssslmlmmdddllsssssssssssssssssssssssssssssssssssssssssssssssssssssssssssssssssssssssssssssssssssssssssssssssssssssssssssssssssssssssssssssssssssssssssssssssssssssssssssssssssssssssssssssslllsssssssssssssssssssllssssssssssssss
sssssssssssssssssssssssssssssssssssssssssssssssssssssssssssssssssssssssssssssslmmmdlddllssssssssssssssssssssssssssssssssssssssssssssssssssssssssssssssssssssssssssssssssssssssssssssssssssssssssssssssssssssssssssssssssssssssssssssssssssssssssssssssssssssssssssssssllssssssssssssssssssslllssssssssssssss
ssssssssssssssssssssssssssssssssssssssssssssssssssssssssssssssssssssssssssssssslmmddldsssssssssssssssssssssssssssssssssssssssssssssssssssssssssssssssssssssssssssssssssssssssssssssssssssssssssssssssssssssssssssssssssssssssssssssssssssssssssssssssssssssssssssssssssssssssssssssssssssllllsssssssssssssss
ssssssssssssssssssssssssssssssssssssssssssssssssssssssssssssssssssssssssssssssllmmddldssssssssssssssssssssssssssssssssssssssssssssssssssssssssssssssssssssssssssssssssssssssssssssssssssssssssssssssssssssssssssssssssssssssssssssssssssssssssssssssssssssssssssssssssssssssssssssssssssllllssssssssssssssss
sssssssssssssssssssssssssssssssssssssssssssssssssssssssssssssssssssssssssssssslfmlddddssssssssssssssssssssssssssssssssssssssssssssssssssssssssssssssssssssssssssssssssssssssssssssssssssssssssssssssssssssssssssssssssssssssssssssssssssssssssssssssssssssssssssssssssssssssssssssssssssllllssssssssssssssss
sssssssssssssssssssssssssssssssssssssssssssssssssssssssssssssssssssssssssssssslfmldddssssssssssssssssssssssssssssssssssssssssssssssssssssssssssssssssssssssssssssssssssssssssssssssssssssssssssssssssssssssssssssssssssssssssssssssssssssssssssssssssssssssssssssssssssssssssssssssssssssllsssssssssssssssss
sssssssssssssssssssssssssssssssssssssssssssssssssssssssssssssssssssssssssssssslfmldddlssssssssssssssssssssssssssssssssssssssssssssssssssssssssssssssssssssssssssssssssssssssssssssssssssssssssssssssssssssssssssssssssssssssssssssssssssssssssssssssssssssssssssssssssssssssssssssssssssssssssssssssssssssss
sssssssssssssssssssssssssssssssssssssssssssssssssssssssssssssssssssssssssssssllfmmdddsssssssssssssssssssssssssssssssssssssssssssssssssssssssssssssssssssssssssssssssssssssssssssssssssssssssssssssssssssssssssssssssssssssssssssssssssssssssssssssssssssssssssssssssssssssssssssssssssssssssssssssssssssssss
sssssssssssssssssssssssssssssssssssssssssssssssssssssssssssssssssssssssssssssslflmdlssssssssssssssssssssssssssssssssssssssssssssssssssssssssssssssssssssssssssssssssssssssssssssssssssssssssssssssssssssssssssssssssssssssssssssssssssssssssssssssssssssssssssssssssssssssssssssssssssssssssssssssssssssssss
sssssssssssssssssssssssssssssssssssssssssssssssssssssssssssssssssssssssssssssslflldsssssssssssssssssssssssssssssssssssssssssssssssssssssssssssssssssssssssssssssssssssssssssssssssssssssssssssssssssssssssssssssssssssssssssssssssssssssssssssssssssssssssssssssssssssssssssssssssssssssssssssssssssssssssss
sssssssssssssssssssssssssssssssssssssssssssssssssssssssssssssssssssssssssssssslffldssssssslllsssssssssssssssssssssssssssssssssssssssssssssssssssssssssssssssssssssssssssssssssssssssssssssssssssssssssssssssssssssssssssssssssssssssssssssssssssssssssssssssssssssssssssssssssssssssssssssssssssssssssssssss
ssssssssssssssssssssssssssssssssssssssssssssssssssssssssssssssssssssssssssssssslfllsssssssllssssssssssssssssssssssssssssssssssssssssssssssssssssssssssssssssssssssssssssssssssssssssssssssssssssssssssssssssssssssssssssssssssssssssssssssssssssssssssssssssssssssssssssssssssssssssssssssssssssssssssssssss
ssssssssssssssssssssssssssssssssssssssssssssssssssssssssssssssssssssssssssssssslflllssssssssssssssssssssssssssssssssssssssssssssssssssssssssssssssssssssssssssssssssssssssssssssssssssssssssssssssssssssssssssssssssssssssssssssssssssssssssssssssssssssssssssssssssssssssssssssssssssssssssssssssssssssssss
sssssssssssssssssssssssssssssssssssssssssssssssssssssssssssssssssssssssssssssssllllslsssssssssssssssssssssssssssssssssssssssssssssssssssssssssssssssssssssssssssssssssssssssssssssssssssssssssssssssssssssssssssssssssssssssssssssssssssssssssssssssssssssssssssssssssssssssssssssssssssssssssssssssssssssss
sssssssssssssssssssssssssssssssssssssssssssssssssssssssssssssssssssssssssssssssslllsllssssssssssssssssssssssssssssssssssssssssssssssssssssssssssssssssssssssssssssssssssssssssssssssssssssssssssssssssssssssssssssssssssssssssssssssssssssssssssssssssssssssssssssssssssssssssssssssssssssssssssssssssssssss
</map>
</generated_map>
</yacg>
