<yacg>
<generated_map>
<starting_positions>
<starting_position name="Germany" x="59" y="18"/>
<starting_position name="Poland" x="61" y="18"/>
<starting_position name="Russia" x="65" y="17"/>
<starting_position name="Rome" x="57" y="22"/>
<starting_position name="England" x="53" y="17"/>
<starting_position name="Babylon" x="69" y="25"/>
<starting_position name="Congo" x="59" y="40"/>
<starting_position name="Songhay" x="54" y="32"/>
<starting_position name="Khmer" x="87" y="31"/>
<starting_position name="Mongolia" x="86" y="17"/>
<starting_position name="China" x="95" y="22"/>
<starting_position name="Majapahit" x="94" y="38"/>
<starting_position name="Maya" x="26" y="33"/>
<starting_position name="Inca" x="31" y="42"/>
<starting_position name="America" x="28" y="22"/>
<starting_position name="Egypt" x="64" y="30"/>
<starting_position name="Brittany" x="54" y="19"/>
<starting_position name="Persia" x="73" y="27"/>
<starting_position name="Tuʻi Tonga" x="117" y="43"/>
<starting_position name="Maurya" x="83" y="27"/>
<starting_position name="France" x="56" y="20"/>
</starting_positions>
<replacements>
<replacement char="s" name="Sea"/>
<replacement char="f" name="Forest"/>
<replacement char="l" name="Land"/>
<replacement char="i" name="Ice"/>
<replacement char="m" name="Mountain"/>
<replacement char="d" name="Desert"/>
</replacements>
<map>
ssssssssssssssssssssssssssssiiiiisssssssiiiiiiisssssssssssssssssssssssssssssssssssssssssssssssssssssssssssssssssssssss
sssssssssssssssssssssssssiiiiiiiiiiiiiiiiiiiiiiissssssssssssssssssssssssssssssssssssssssssssssssssssssssssssssssssssss
sssssssssssssssssssssssisiiiiiiiiiiiiiiiiiiiiiiiissssssssssssssssssssslisilsssssssssiilsssssssssssssssssssssssssssssss
sssssssssssssssssssslssisiiiiisssiiiiiiiiiiiiiiissssssssssiilllssssssssssssssssssssssssllsssssssssssssssssssssssssssss
ssssssssssssssssslsssssiiiiiissiiiiiiiiiiiiiiiiisssssssssssllslsssssssssssssssssssssssssisssssssssssssssssssssssssssss
ssssssssssssssslllfsiiiiiisssssssssiiiiiiiiiiiiissssssssssssssssssssssssssiiisssssssssslililssssssssssssssssssssssssss
sssssssssssssslliffssssissssssssssssiiiiiiiiiiiissssssssssssssssssssssssslsssssssssliilllliissssssssslssssssssssssssss
sssssssssssssllfffllsllsslflllssssssiiiiiiiiiiissssssssssssssssssssssssslsssssssslllllfffffffflllsssslssssssssssssssss
ssliissssssssslilsssssllflffiiflsssssiiiiiiiiiissssssssssssssssssssssssslssssllllllllffiiiillfliilliilliisssssssssssss
iiiilliilllilliilffllslflsllllfflssssslliiiillissssssssssssssiiilissssssssllllliiiillllfffllfflllllilllllllliiiilsssss
lfflffmmmfffffflfffffiiiillssslfflssssliiillsssssssssssssssslfflfflisiiilllillfflllffffllffffffffffflllllliilllllliisl
llfffmmmlllfflfffffffffliiissslfflssslliillsssslimsssssssssmmfslfllfffllfllilffflfffffffflffflffffllflllllllllllllllls
slfflllllmmlffflffflffffllllsssllsssssiiisssssssssssssssssmlllslffffmflffflffffffflllfffffffffffffflfffffflllllliissss
llllllllllmmmmlffffffllfsssssllssssssslllsssssssssssssssslllssllffflmlfflfffffffffffffflllffflfflffffflfffllllllssssss
lllllsslllllmmllllfllfflssssslffssssssssssssssssssssssssllllssllffllmmllfffffffflllllffffffflllffflllfffllsslsssssssss
ssllsssssslllmlllllffflllsssslffflssssssssssssssssssslssssslsslffffflmllfllllllllllllllllllllllllllllsssssllssssssssss
slsssssssssllmmlllllfffffflsslflfffsssssssssssssssssllsssslsslffffffllmlllllllllllllllllllllllllllllssssssllssssssssss
ssssssssssssllmmllllfllflfffffflmlflsssssssssssssssllllsslffflllllllllllllllldddllllmmmllllllllllllllssssslsssssssssss
sssssssssssslllmmlllllllllllllmlmlllssssssssssssssssslssllllllllllllllllllddddddllmmlmmmmlllllllllllllssssssssssssssss
sssssssssssssllmmllllllllllllmmmllsllsssssssssssssssssllllllllllllllllllldddddddlmmlmmmmlmllllllllllllssssssssssssssss
sssssssssssssslmdddllllllllllmmmllssssssssssssssssssssllllmmlllllllllllsdddddlllmmmmlmmlmlmlllllllllssssssssssssssssss
ssssssssssssslllmddllllllllllmllslsssssssssssssssssssslllmmlllllssssllssdddllmmmllmmmmmmmmmlllllllllslssssssssssssssss
ssssssssssssslllmdmlllllllllllllssssssssssssssssssssllllslllslllssssfflsllllmmmmmllmmlmlmmllllllllssslssssssssssssssss
ssssssssssssssllddmlllllllllllsssssssssssssssssssssslllssssslllllllmmffsslllmmmlllllmmmmmllllllllsssslssssssssssssssss
sssssssssssssslldddlllllllllllssssssssssssssssssssssssssssssssssllmmlmfslllmlmlllllllmmllllllllssssslsssssssssssssssss
ssssssssssssssslddllllllllllllssssssssssssssssssssssslllllssssssssllllflmmllllllllllllllllllllssssllssssssssssssssssss
ssssssssssssssssllmmllllllllsssssssssssssssssssssssslmmmllllsllsssllllllllllllllllllllllfffllllsssssssssssssssssssssss
sssssssssssssssssllmmlllssslsssssssssssssssssssssssddmddddddddddlddddlssllllllllllllllllfffffllsssssssssssssssssssssss
ssssssssssssssssslllmmlsssssssssssssssssssssssssssddmdddddddddddldsddllssllllllllllllllfffllflssssssssssssssssssssssss
sssssssssssssssssssllmlsssssssssssssssssssssssssssddddddddddddddldssddlssssssllllllllfflfffffllsssssssssssssssssssssss
ssssssssssssssssssssflmssssssssssssssssssssssssssdddddddddddddddldssdddlllssssllllllslflffllssssssssssssssssssssssssss
ssssssssssssssssssssffmlllssssllsssssssssssssssssdddddddddddddddlddssddddsssssslmmmsssflflssssssssssssssssssssssssssss
sssssssssssssssssssssslfffsssssssssssssssssssssssllllllmmmlllllllddssdddssssssslfsssssffflsssslsssssssssssssssssssssss
sssssssssssssssssssssssssflssssssssssssssssssssssllllllllmlllllllldddssssssssssllsssssslfflssslfssssssssssssssssssssss
sssssssssssssssssssssssssfflsslllsssssssssssssssssllfffflllllflllldmddllsssssssslsssssssslsssssffsssssssssssssssssssss
sssssssssssssssssssssssssssslllllfflsssssssssssssssllllflffflllllmmllllsssssssssslssssssssssssslfsssssssssssssssssssss
sssssssssssssssssssssssssssssmmffffflfsssssssssssssssssssffffflllmmmlllssssssssssfsssslslsssllssssssssssssssssssssssss
sssssssssssssssssssssssssssssmmffffffffsssssssssssssssssssfffffllmmlllssssssssssssssssslfsslmmssssssssssssssssssssssss
sssssssssssssssssssssssssssslmmfffflfllsssssssssssssssssssffffflfflllssssssssssssssssssmfssffflsssssssssssssssssssssss
ssssssssssssssssssssssssssssllmmllffffffflsssssssssssssssslflffflfflssssssssssssssssssssflsssslsssffmlssssssssssssssss
ssssssssssssssssssssssssssssllmmffffffflfflsssssssssssssssslflffllflsssssssssssssssssssssssssssssssslmlsssssssssssssss
ssssssssssssssssssssssssssssslmmffflflfffflssssssssssssssssfflfflfflsssssssssssssssssssssssssllsssssslslssssssssssssss
ssssssssssssssssssssssssssssslllmlffffflfflsssssssssssssssslllllllllssssssssssssssssssssssssssssssssssssssssssssssssss
ssssssssssssssssssssssssssssssllmfflffffflssssssssssssssssslllllllllssssssssssssssssssssssssssssslllslsssssssssssssssl
ssssssssssssssssssssssssssssssslmmfffflfllsssssssssssssssslllllllllssllssssssssssssssssssssssssllllllllsssssssssssssss
ssssssssssssssssssssssssssssssslmmlfffffllsssssssssssssssssddlllmlsssllssssssssssssssssssssssslllllllllsssssssssssssss
ssssssssssssssssssssssssssssssslmmlffflllssssssssssssssssssdddllmmlssllsssssssssssssssssssssllldddddllllssssssssssssss
ssssssssssssssssssssssssssssssslmmfffllssssssssssssssssssssdddlmmlssssssssssssssssssssssssssllmdddddddlllsssssssssssss
ssssssssssssssssssssssssssssssslmmlllllsssssssssssssssssssssddlmllssssssssssssssssssssssssssllmdddddddfffsssssssssssss
ssssssssssssssssssssssssssssssslmlllllssssssssssssssssssssssddlmlsssssssssssssssssssssssssssllldddddddfmfsssssssssssss
ssssssssssssssssssssssssssssssslmlllllssssssssssssssssssssssslllssssssssssssssssssssssssssssslldsssdlmmmlsssssssssssss
ssssssssssssssssssssssssssssssslmllllssssssssssssssssssssssssssssssssssssssssssssssssssssssssssssssdlmffssssssssssssss
ssssssssssssssssssssssssssssssllmlllssssssssssssssssssssssssssssssssssssssssssssssssssssssssssssssssslflsssssssslsssss
sssssssssssssssssssssssssssssslmllsssssssssssssssssssssssssssssssssssssssssssssssssssssssssssssssssssssssssssssslsssss
sssssssssssssssssssssssssssssslmllssssssssssssssssssssssssssssssssssssssssssssssssssssssssssssssssssssssssssssslssssss
sssssssssssssssssssssssssssssslmlssssssssssssssssssssssssssssssssssssssssssssssssssssssssssssssssssssssssssssslsssssss
ssssssssssssssssssssssssssssssfmlsssssssssssssssssssssssssssssssssssssssssssssssssssssssssssssssssssssssssssssssssssss
ssssssssssssssssssssssssssssssfmlsssssssssssssssssssssssssssssssssssssssssssssssssssssssssssssssssssssssssssssssssssss
ssssssssssssssssssssssssssssssflssslssssssssssssssssssssssssssssssssssssssssssssssssssssssssssssssssssssssssssssssssss
sssssssssssssssssssssssssssssssllsssssssssssssssssssssssssssssssssssssssssssssssssssssssssssssssssssssssssssssssssssss
</map>
</generated_map>
</yacg>
