<yacg>
<generated_map>
<starting_positions>
<starting_position name="Germany" x="59" y="18"/>
<starting_position name="Poland" x="61" y="18"/>
<starting_position name="Russia" x="65" y="17"/>
<starting_position name="Rome" x="57" y="22"/>
<starting_position name="England" x="53" y="17"/>
<starting_position name="Babylon" x="68" y="25"/>
<starting_position name="Congo" x="59" y="40"/>
<starting_position name="Songhay" x="54" y="32"/>
<starting_position name="Khmer" x="87" y="31"/>
<starting_position name="Mongolia" x="87" y="17"/>
<starting_position name="China" x="95" y="22"/>
<starting_position name="Majapahit" x="94" y="38"/>
<starting_position name="Maya" x="26" y="33"/>
<starting_position name="Inca" x="31" y="42"/>
<starting_position name="America" x="28" y="22"/>
<starting_position name="Egypt" x="64" y="30"/>
<starting_position name="Brittany" x="54" y="19"/>
<starting_position name="Persia" x="73" y="27"/>
<starting_position name="Tu'i Tonga" x="117" y="43"/>
<starting_position name="Maurya" x="83" y="27"/>
<starting_position name="France" x="56" y="20"/>
<starting_position name="Japan" x="100" y="24"/>
<starting_position name="Iroquois" x="28" y="20"/>
<starting_position name="Sikh" x="79" y="23"/>
<starting_position name="Ethiopia" x="68" y="36"/>
<starting_position name="Macedonia" x="63" y="23"/>
<starting_position name="Spain" x="53" y="23"/>
<starting_position name="Zulu" x="65" y="48"/>
<starting_position name="Argentina" x="36" y="51"/>
<starting_position name="Brazil" x="38" y="46"/>
<starting_position name="Madagascar" x="70" y="45"/>
<starting_position name="Maori" x="111" y="54"/>
<starting_position name="Portugal" x="52" y="22"/>
<starting_position name="Sweden" x="59" y="14"/>
<starting_position name="Olmecs" x="23" y="31"/>
<starting_position name="Vandals" x="55" y="25"/>
<starting_position name="Phoenicia" x="66" y="25"/>
<starting_position name="Arabia" x="70" y="26"/>
<starting_position name="Gokturks" x="82" y="17"/>
<starting_position name="Turkey" x="65" y="23"/>
<starting_position name="India" x="79" y="27"/>
<starting_position name="Canada" x="27" y="18"/>
<starting_position name="Australia" x="104" y="47"/>
<starting_position name="East Timor" x="94" y="41"/>
<starting_position name="Numidia" x="56" y="25"/>
<starting_position name="Carthage" x="57" y="25"/>
<starting_position name="Athens" x="61" y="23"/>
<starting_position name="Israel" x="66" y="24"/>
<starting_position name="Venice" x="59" y="21"/>
<starting_position name="Rus" x="65" y="19"/>
<starting_position name="Mississippi" x="25" y="22"/>
<starting_position name="Pueblo" x="21" y="24"/>
<starting_position name="Aztecs" x="22" y="29"/>
<starting_position name="Chechnya" x="69" y="21"/>
<starting_position name="Finland" x="61" y="12"/>
<starting_position name="Greenland" x="37" y="11"/>
<starting_position name="Morocco" x="52" y="26"/>
<starting_position name="Serbia" x="62" y="22"/>
<starting_position name="Tibet" x="84" y="26"/>
<starting_position name="Yakutia" x="97" y="16"/>
<starting_position name="Lithuania" x="61" y="16"/>
<starting_position name="Golden Horde" x="70" y="20"/>
<starting_position name="Central Africa" x="62" y="36"/>
<starting_position name="Iran" x="71" y="26"/>
<starting_position name="Armenia" x="68" y="24"/>
<starting_position name="Hungary" x="61" y="20"/>
<starting_position name="Aksum" x="67" y="33"/>
<starting_position name="Nubia" x="64" y="31"/>
<starting_position name="Kazakhstan" x="76" y="17"/>
<starting_position name="Nigeria" x="56" y="35"/>
<starting_position name="Colombia" x="29" y="36"/>
<starting_position name="Venezuela" x="32" y="34"/>
<starting_position name="Netherlands" x="57" y="17"/>
<starting_position name="Belgium" x="57" y="18"/>
<starting_position name="Austria" x="60" y="20"/>
</starting_positions>
<replacements>
<replacement char="s" name="Sea"/>
<replacement char="f" name="Forest"/>
<replacement char="l" name="Land"/>
<replacement char="i" name="Ice"/>
<replacement char="m" name="Mountain"/>
<replacement char="d" name="Desert"/>
</replacements>
<map>
ssssssssssssssssssssssssssssiiiiisssssssiiiiiiisssssssssssssssssssssssssssssssssssssssssssssssssssssssssssssssssssssss
sssssssssssssssssssssssssiiiiiiiiiiiiiiiiiiiiiiissssssssssssssssssssssssssssssssssssssssssssssssssssssssssssssssssssss
sssssssssssssssssssssssisiiiiiiiiiiiiiiiiiiiiiiiissssssssssssssssssssslisilsssssssssiilsssssssssssssssssssssssssssssss
sssssssssssssssssssslssisiiiiisssiiiiiiiiiiiiiiissssssssssiilllssssssssssssssssssssssssllsssssssssssssssssssssssssssss
ssssssssssssssssslsssssiiiiiissiiiiiiiiiiiiiiiiisssssssssssllslsssssssssssssssssssssssssisssssssssssssssssssssssssssss
ssssssssssssssslllfsiiiiiisssssssssiiiiiiiiiiiiissssssssssssssssssssssssssiiisssssssssslililssssssssssssssssssssssssss
sssssssssssssslliffssssissssssssssssiiiiiiiiiiiissssssssssssssssssssssssslsssssssssliilllliissssssssslssssssssssssssss
sssssssssssssllfffllsllsslflllssssssiiiiiiiiiiissssssssssssssssssssssssslsssssssslllllfffffffflllsssslssssssssssssssss
ssliissssssssslilsssssllflffiiflsssssiiiiiiiiiissssssssssssssssssssssssslssssllllllllffiiiillfliilliilliisssssssssssss
iiiilliilllilliilffllslflsllllfflssssslliiiillissssssssssssssiiilissssssssllllliiiillllfffllfflllllilllllllliiiilsssss
lfflffmmmfffffflfffffiiiillssslfflssssliiillsssssssssssssssslfflfflisiiilllillfflllffffllffffffffffflllllliilllllliisl
llfffmmmlllfflfffffffffliiissslfflssslliillsssslimsssssssssmmfslfllfffllfllilffflfffffffflffflffffllflllllllllllllllls
slfflllllmmlffflffflffffllllsssllsssssiiisssssssssssssssssmlllslffffmflffflffffffflllfffffffffffffflfffffflllllliissss
llllllllllmmmmlffffffllfsssssllssssssslllsssssssssssssssslllssllffflmlfflfffffffffffffflllffflfflffffflfffllllllssssss
lllllsslllllmmllllfllfflssssslffssssssssssssssssssssssssllllssllffllmmllfffffffflllllffffffflllffflllfffllsslsssssssss
ssllsssssslllmlllllffflllsssslffflssssssssssssssssssslssssslsslffffflmllfllllllllllllllllllllllllllllsssssllssssssssss
slsssssssssllmmlllllfffffflsslflfffsssssssssssssssssllsssslsslffffffllmlllllllllllllllllllllllllllllssssssllssssssssss
ssssssssssssllmmllllfllflfffffflmlflsssssssssssssssllllsslffflllllllllllllllldddllllmmmllllllllllllllssssslsssssssssss
sssssssssssslllmmlllllllllllllmlmlllssssssssssssssssslssllllllllllllllllllddddddllmmlmmmmlllllllllllllssssssssssssssss
sssssssssssssllmmllllllllllllmmmllsllsssssssssssssssssllllllllllllllllllldddddddlmmlmmmmlmllllllllllllssssssssssssssss
sssssssssssssslmdddllllllllllmmmllssssssssssssssssssssllllmmlllllllllllsdddddlllmmmmlmmlmlmlllllllllssssssssssssssssss
ssssssssssssslllmddllllllllllmllslsssssssssssssssssssslllmmlllllssssllssdddllmmmllmmmmmmmmmlllllllllslssssssssssssssss
ssssssssssssslllmdmlllllllllllllssssssssssssssssssssllllslllslllssssfflsllllmmmmmllmmlmlmmllllllllssslssssssssssssssss
ssssssssssssssllddmlllllllllllsssssssssssssssssssssslllssssslllllllmmffsslllmmmlllllmmmmmllllllllsssslssssssssssssssss
sssssssssssssslldddlllllllllllssssssssssssssssssssssssssssssssssllmmlmfslllmlmlllllllmmllllllllssssslsssssssssssssssss
ssssssssssssssslddllllllllllllssssssssssssssssssssssslllllssssssssllllflmmllllllllllllllllllllssssllssssssssssssssssss
ssssssssssssssssllmmllllllllsssssssssssssssssssssssslmmmllllsllsssllllllllllllllllllllllfffllllsssssssssssssssssssssss
sssssssssssssssssllmmlllssslsssssssssssssssssssssssddmddddddddddlddddlssllllllllllllllllfffffllsssssssssssssssssssssss
ssssssssssssssssslllmmlsssssssssssssssssssssssssssddmdddddddddddldsddllssllllllllllllllfffllflssssssssssssssssssssssss
sssssssssssssssssssllmlsssssssssssssssssssssssssssddddddddddddddldssddlssssssllllllllfflfffffllsssssssssssssssssssssss
ssssssssssssssssssssflmssssssssssssssssssssssssssdddddddddddddddldssdddlllssssllllllslflffllssssssssssssssssssssssssss
ssssssssssssssssssssffmlllssssllsssssssssssssssssdddddddddddddddlddssddddsssssslmmmsssflflssssssssssssssssssssssssssss
sssssssssssssssssssssslfffsssssssssssssssssssssssllllllmmmlllllllddssdddssssssslfsssssffflsssslsssssssssssssssssssssss
sssssssssssssssssssssssssflssssssssssssssssssssssllllllllmlllllllldddssssssssssllsssssslfflssslfssssssssssssssssssssss
sssssssssssssssssssssssssfflsslllsssssssssssssssssllfffflllllflllldmddllsssssssslsssssssslsssssffsssssssssssssssssssss
sssssssssssssssssssssssssssslllllfflsssssssssssssssllllflffflllllmmllllsssssssssslssssssssssssslfsssssssssssssssssssss
sssssssssssssssssssssssssssssmmffffflfsssssssssssssssssssffffflllmmmlllssssssssssfsssslslsssllssssssssssssssssssssssss
sssssssssssssssssssssssssssssmmffffffffsssssssssssssssssssfffffllmmlllssssssssssssssssslfsslmmssssssssssssssssssssssss
sssssssssssssssssssssssssssslmmfffflfllsssssssssssssssssssffffflfflllssssssssssssssssssmfssffflsssssssssssssssssssssss
ssssssssssssssssssssssssssssllmmllffffffflsssssssssssssssslflffflfflssssssssssssssssssssflsssslsssffmlssssssssssssssss
ssssssssssssssssssssssssssssllmmffffffflfflsssssssssssssssslflffllflsssssssssssssssssssssssssssssssslmlsssssssssssssss
ssssssssssssssssssssssssssssslmmffflflfffflssssssssssssssssfflfflfflsssssssssssssssssssssssssllsssssslslssssssssssssss
ssssssssssssssssssssssssssssslllmlffffflfflsssssssssssssssslllllllllssssssssssssssssssssssssssssssssssssssssssssssssss
ssssssssssssssssssssssssssssssllmfflffffflssssssssssssssssslllllllllssssssssssssssssssssssssssssslllslsssssssssssssssl
ssssssssssssssssssssssssssssssslmmfffflfllsssssssssssssssslllllllllssllssssssssssssssssssssssssllllllllsssssssssssssss
ssssssssssssssssssssssssssssssslmmlfffffllsssssssssssssssssddlllmlsssllssssssssssssssssssssssslllllllllsssssssssssssss
ssssssssssssssssssssssssssssssslmmlffflllssssssssssssssssssdddllmmlssllsssssssssssssssssssssllldddddllllssssssssssssss
ssssssssssssssssssssssssssssssslmmfffllssssssssssssssssssssdddlmmlssssssssssssssssssssssssssllmdddddddlllsssssssssssss
ssssssssssssssssssssssssssssssslmmlllllsssssssssssssssssssssddlmllssssssssssssssssssssssssssllmdddddddfffsssssssssssss
ssssssssssssssssssssssssssssssslmlllllssssssssssssssssssssssddlmlsssssssssssssssssssssssssssllldddddddfmfsssssssssssss
ssssssssssssssssssssssssssssssslmlllllssssssssssssssssssssssslllssssssssssssssssssssssssssssslldsssdlmmmlsssssssssssss
ssssssssssssssssssssssssssssssslmllllssssssssssssssssssssssssssssssssssssssssssssssssssssssssssssssdlmffssssssssssssss
ssssssssssssssssssssssssssssssllmlllssssssssssssssssssssssssssssssssssssssssssssssssssssssssssssssssslflsssssssslsssss
sssssssssssssssssssssssssssssslmllsssssssssssssssssssssssssssssssssssssssssssssssssssssssssssssssssssssssssssssslsssss
sssssssssssssssssssssssssssssslmllssssssssssssssssssssssssssssssssssssssssssssssssssssssssssssssssssssssssssssslssssss
sssssssssssssssssssssssssssssslmlssssssssssssssssssssssssssssssssssssssssssssssssssssssssssssssssssssssssssssslsssssss
ssssssssssssssssssssssssssssssfmlsssssssssssssssssssssssssssssssssssssssssssssssssssssssssssssssssssssssssssssssssssss
ssssssssssssssssssssssssssssssfmlsssssssssssssssssssssssssssssssssssssssssssssssssssssssssssssssssssssssssssssssssssss
ssssssssssssssssssssssssssssssflssslssssssssssssssssssssssssssssssssssssssssssssssssssssssssssssssssssssssssssssssssss
sssssssssssssssssssssssssssssssllsssssssssssssssssssssssssssssssssssssssssssssssssssssssssssssssssssssssssssssssssssss
</map>
</generated_map>
</yacg>
